Component: ARM Compiler 6.14.1 Tool: armlink [5db06d00]

==============================================================================

Section Cross References

    main.o(.ARM.exidx.text.del_ms) refers to main.o(.text.del_ms) for [Anonymous Symbol]
    main.o(.text.PORTA_IRQHandler) refers to main.o(.text.del_ms) for del_ms
    main.o(.text.PORTA_IRQHandler) refers to main.o(.bss.button_pushed) for button_pushed
    main.o(.text.PORTA_IRQHandler) refers to main.o(.bss.button_pushed_nb) for button_pushed_nb
    main.o(.ARM.exidx.text.PORTA_IRQHandler) refers to main.o(.text.PORTA_IRQHandler) for [Anonymous Symbol]
    main.o(.text.buttonsInitialize) refers to main.o(.text.__NVIC_ClearPendingIRQ) for __NVIC_ClearPendingIRQ
    main.o(.text.buttonsInitialize) refers to main.o(.text.__NVIC_EnableIRQ) for __NVIC_EnableIRQ
    main.o(.text.buttonsInitialize) refers to main.o(.text.__NVIC_SetPriority) for __NVIC_SetPriority
    main.o(.ARM.exidx.text.buttonsInitialize) refers to main.o(.text.buttonsInitialize) for [Anonymous Symbol]
    main.o(.ARM.exidx.text.__NVIC_ClearPendingIRQ) refers to main.o(.text.__NVIC_ClearPendingIRQ) for [Anonymous Symbol]
    main.o(.ARM.exidx.text.__NVIC_EnableIRQ) refers to main.o(.text.__NVIC_EnableIRQ) for [Anonymous Symbol]
    main.o(.ARM.exidx.text.__NVIC_SetPriority) refers to main.o(.text.__NVIC_SetPriority) for [Anonymous Symbol]
    main.o(.ARM.exidx.text.delay_us) refers to main.o(.text.delay_us) for [Anonymous Symbol]
    main.o(.ARM.exidx.text.delay_ms) refers to main.o(.text.delay_ms) for [Anonymous Symbol]
    main.o(.ARM.exidx.text.setup) refers to main.o(.text.setup) for [Anonymous Symbol]
    main.o(.ARM.exidx.text.set_portb_bit) refers to main.o(.text.set_portb_bit) for [Anonymous Symbol]
    main.o(.ARM.exidx.text.clear_portb_bit) refers to main.o(.text.clear_portb_bit) for [Anonymous Symbol]
    main.o(.ARM.exidx.text.check_bit) refers to main.o(.text.check_bit) for [Anonymous Symbol]
    main.o(.text.pass_data) refers to main.o(.text.clear_portb_bit) for clear_portb_bit
    main.o(.text.pass_data) refers to main.o(.text.set_portb_bit) for set_portb_bit
    main.o(.text.pass_data) refers to main.o(.text.delay_us) for delay_us
    main.o(.text.pass_data) refers to main.o(.text.check_bit) for check_bit
    main.o(.ARM.exidx.text.pass_data) refers to main.o(.text.pass_data) for [Anonymous Symbol]
    main.o(.text.display_blank) refers to main.o(.text.clear_portb_bit) for clear_portb_bit
    main.o(.text.display_blank) refers to main.o(.text.pass_data) for pass_data
    main.o(.text.display_blank) refers to main.o(.text.set_portb_bit) for set_portb_bit
    main.o(.ARM.exidx.text.display_blank) refers to main.o(.text.display_blank) for [Anonymous Symbol]
    main.o(.text.display_normal) refers to main.o(.text.clear_portb_bit) for clear_portb_bit
    main.o(.text.display_normal) refers to main.o(.text.pass_data) for pass_data
    main.o(.text.display_normal) refers to main.o(.text.set_portb_bit) for set_portb_bit
    main.o(.ARM.exidx.text.display_normal) refers to main.o(.text.display_normal) for [Anonymous Symbol]
    main.o(.text.display_inverse) refers to main.o(.text.clear_portb_bit) for clear_portb_bit
    main.o(.text.display_inverse) refers to main.o(.text.pass_data) for pass_data
    main.o(.text.display_inverse) refers to main.o(.text.set_portb_bit) for set_portb_bit
    main.o(.ARM.exidx.text.display_inverse) refers to main.o(.text.display_inverse) for [Anonymous Symbol]
    main.o(.text.NOKIA_INIT) refers to main.o(.text.clear_portb_bit) for clear_portb_bit
    main.o(.text.NOKIA_INIT) refers to main.o(.text.delay_ms) for delay_ms
    main.o(.text.NOKIA_INIT) refers to main.o(.text.set_portb_bit) for set_portb_bit
    main.o(.text.NOKIA_INIT) refers to main.o(.text.pass_data) for pass_data
    main.o(.ARM.exidx.text.NOKIA_INIT) refers to main.o(.text.NOKIA_INIT) for [Anonymous Symbol]
    main.o(.text.set_char) refers to main.o(.bss.RAM) for RAM
    main.o(.ARM.exidx.text.set_char) refers to main.o(.text.set_char) for [Anonymous Symbol]
    main.o(.text.set_string) refers to main.o(.text.set_char) for set_char
    main.o(.ARM.exidx.text.set_string) refers to main.o(.text.set_string) for [Anonymous Symbol]
    main.o(.text.set_first_digit) refers to aeabi_sdivfast.o(.text) for __aeabi_idivmod
    main.o(.text.set_first_digit) refers to main.o(.text.set_char) for set_char
    main.o(.ARM.exidx.text.set_first_digit) refers to main.o(.text.set_first_digit) for [Anonymous Symbol]
    main.o(.text.set_second_digit) refers to aeabi_sdivfast.o(.text) for __aeabi_idivmod
    main.o(.text.set_second_digit) refers to aeabi_sdivfast.o(.text_divfast) for __aeabi_idiv
    main.o(.text.set_second_digit) refers to main.o(.text.set_char) for set_char
    main.o(.ARM.exidx.text.set_second_digit) refers to main.o(.text.set_second_digit) for [Anonymous Symbol]
    main.o(.text.set_third_digit) refers to aeabi_sdivfast.o(.text) for __aeabi_idivmod
    main.o(.text.set_third_digit) refers to aeabi_sdivfast.o(.text_divfast) for __aeabi_idiv
    main.o(.text.set_third_digit) refers to main.o(.text.set_char) for set_char
    main.o(.ARM.exidx.text.set_third_digit) refers to main.o(.text.set_third_digit) for [Anonymous Symbol]
    main.o(.text.set_clear) refers to rt_memclr.o(.text) for __aeabi_memclr4
    main.o(.text.set_clear) refers to main.o(.bss.RAM) for RAM
    main.o(.ARM.exidx.text.set_clear) refers to main.o(.text.set_clear) for [Anonymous Symbol]
    main.o(.text.display) refers to main.o(.text.pass_data) for pass_data
    main.o(.text.display) refers to main.o(.bss.RAM) for RAM
    main.o(.ARM.exidx.text.display) refers to main.o(.text.display) for [Anonymous Symbol]
    main.o(.text.set_game_over_screen) refers to rt_memcpy.o(.emb_text) for __aeabi_memcpy4
    main.o(.text.set_game_over_screen) refers to main.o(.bss.RAM) for RAM
    main.o(.text.set_game_over_screen) refers to main.o(.rodata.game_over_screen) for game_over_screen
    main.o(.ARM.exidx.text.set_game_over_screen) refers to main.o(.text.set_game_over_screen) for [Anonymous Symbol]
    main.o(.text.set_welcome_screen) refers to rt_memcpy.o(.emb_text) for __aeabi_memcpy4
    main.o(.text.set_welcome_screen) refers to main.o(.bss.RAM) for RAM
    main.o(.text.set_welcome_screen) refers to main.o(.rodata.home_screen) for home_screen
    main.o(.ARM.exidx.text.set_welcome_screen) refers to main.o(.text.set_welcome_screen) for [Anonymous Symbol]
    main.o(.text.set_init_screen) refers to main.o(.text.set_string) for set_string
    main.o(.text.set_init_screen) refers to aeabi_sdivfast.o(.text) for __aeabi_idivmod
    main.o(.text.set_init_screen) refers to aeabi_sdivfast.o(.text_divfast) for __aeabi_idiv
    main.o(.text.set_init_screen) refers to main.o(.text.set_char) for set_char
    main.o(.text.set_init_screen) refers to main.o(.bss.score) for score
    main.o(.text.set_init_screen) refers to main.o(.bss.high_score) for high_score
    main.o(.ARM.exidx.text.set_init_screen) refers to main.o(.text.set_init_screen) for [Anonymous Symbol]
    main.o(.text.set_frame) refers to aeabi_memset4.o(.text) for __aeabi_memset4
    main.o(.text.set_frame) refers to main.o(.bss.RAM) for RAM
    main.o(.ARM.exidx.text.set_frame) refers to main.o(.text.set_frame) for [Anonymous Symbol]
    main.o(.text.set_clear_without_frame) refers to main.o(.text.set_clear) for set_clear
    main.o(.text.set_clear_without_frame) refers to main.o(.text.set_frame) for set_frame
    main.o(.ARM.exidx.text.set_clear_without_frame) refers to main.o(.text.set_clear_without_frame) for [Anonymous Symbol]
    main.o(.text.init_snake) refers to main.o(.bss.snake_length) for snake_length
    main.o(.text.init_snake) refers to main.o(.bss.snake) for snake
    main.o(.ARM.exidx.text.init_snake) refers to main.o(.text.init_snake) for [Anonymous Symbol]
    main.o(.text.set_snake) refers to main.o(.bss.snake_length) for snake_length
    main.o(.text.set_snake) refers to main.o(.bss.snake) for snake
    main.o(.text.set_snake) refers to main.o(.bss.RAM) for RAM
    main.o(.ARM.exidx.text.set_snake) refers to main.o(.text.set_snake) for [Anonymous Symbol]
    main.o(.text.clear_snake) refers to rt_memclr.o(.text) for __aeabi_memclr4
    main.o(.text.clear_snake) refers to main.o(.bss.snake_length) for snake_length
    main.o(.text.clear_snake) refers to main.o(.bss.snake) for snake
    main.o(.ARM.exidx.text.clear_snake) refers to main.o(.text.clear_snake) for [Anonymous Symbol]
    main.o(.text.snake_pos) refers to main.o(.bss.snake_length) for snake_length
    main.o(.text.snake_pos) refers to main.o(.bss.snake) for snake
    main.o(.text.snake_pos) refers to main.o(.data.direction) for direction
    main.o(.ARM.exidx.text.snake_pos) refers to main.o(.text.snake_pos) for [Anonymous Symbol]
    main.o(.text.set_pix) refers to main.o(.bss.RAM) for RAM
    main.o(.ARM.exidx.text.set_pix) refers to main.o(.text.set_pix) for [Anonymous Symbol]
    main.o(.text.food_pos_set) refers to aeabi_sdivfast.o(.text) for __aeabi_idivmod
    main.o(.text.food_pos_set) refers to main.o(.text.set_pix) for set_pix
    main.o(.text.food_pos_set) refers to main.o(.data.food_eaten) for food_eaten
    main.o(.text.food_pos_set) refers to main.o(.bss.timer) for timer
    main.o(.text.food_pos_set) refers to main.o(.bss.x_food) for x_food
    main.o(.text.food_pos_set) refers to main.o(.bss.y_food) for y_food
    main.o(.ARM.exidx.text.food_pos_set) refers to main.o(.text.food_pos_set) for [Anonymous Symbol]
    main.o(.text.check_food) refers to main.o(.bss.x_food) for x_food
    main.o(.text.check_food) refers to main.o(.bss.snake) for snake
    main.o(.text.check_food) refers to main.o(.bss.y_food) for y_food
    main.o(.text.check_food) refers to main.o(.data.food_eaten) for food_eaten
    main.o(.text.check_food) refers to main.o(.bss.snake_length) for snake_length
    main.o(.text.check_food) refers to main.o(.bss.score) for score
    main.o(.ARM.exidx.text.check_food) refers to main.o(.text.check_food) for [Anonymous Symbol]
    main.o(.text.check_snake) refers to main.o(.bss.snake_length) for snake_length
    main.o(.text.check_snake) refers to main.o(.bss.snake) for snake
    main.o(.text.check_snake) refers to main.o(.bss.game_over) for game_over
    main.o(.ARM.exidx.text.check_snake) refers to main.o(.text.check_snake) for [Anonymous Symbol]
    main.o(.text.set_score) refers to main.o(.text.set_first_digit) for set_first_digit
    main.o(.text.set_score) refers to main.o(.text.set_second_digit) for set_second_digit
    main.o(.text.set_score) refers to main.o(.text.set_third_digit) for set_third_digit
    main.o(.text.set_score) refers to main.o(.bss.score) for score
    main.o(.ARM.exidx.text.set_score) refers to main.o(.text.set_score) for [Anonymous Symbol]
    main.o(.text.main) refers to main.o(.text.setup) for setup
    main.o(.text.main) refers to main.o(.text.NOKIA_INIT) for NOKIA_INIT
    main.o(.text.main) refers to main.o(.text.buttonsInitialize) for buttonsInitialize
    main.o(.text.main) refers to main.o(.text.set_clear) for set_clear
    main.o(.text.main) refers to main.o(.text.set_welcome_screen) for set_welcome_screen
    main.o(.text.main) refers to main.o(.text.display) for display
    main.o(.text.main) refers to main.o(.text.delay_ms) for delay_ms
    main.o(.text.main) refers to main.o(.text.clear_snake) for clear_snake
    main.o(.text.main) refers to main.o(.text.set_init_screen) for set_init_screen
    main.o(.text.main) refers to main.o(.text.set_frame) for set_frame
    main.o(.text.main) refers to main.o(.text.init_snake) for init_snake
    main.o(.text.main) refers to main.o(.text.set_clear_without_frame) for set_clear_without_frame
    main.o(.text.main) refers to main.o(.text.snake_pos) for snake_pos
    main.o(.text.main) refers to main.o(.text.check_food) for check_food
    main.o(.text.main) refers to main.o(.text.set_score) for set_score
    main.o(.text.main) refers to main.o(.text.set_snake) for set_snake
    main.o(.text.main) refers to main.o(.text.check_snake) for check_snake
    main.o(.text.main) refers to main.o(.text.food_pos_set) for food_pos_set
    main.o(.text.main) refers to main.o(.text.display_inverse) for display_inverse
    main.o(.text.main) refers to main.o(.text.display_normal) for display_normal
    main.o(.text.main) refers to main.o(.text.set_game_over_screen) for set_game_over_screen
    main.o(.text.main) refers to main.o(.bss.button_pushed) for button_pushed
    main.o(.text.main) refers to main.o(.bss.timer) for timer
    main.o(.text.main) refers to main.o(.bss.score) for score
    main.o(.text.main) refers to main.o(.data.direction) for direction
    main.o(.text.main) refers to main.o(.data.food_eaten) for food_eaten
    main.o(.text.main) refers to main.o(.bss.game_over) for game_over
    main.o(.text.main) refers to main.o(.bss.button_pushed_nb) for button_pushed_nb
    main.o(.text.main) refers to main.o(.bss.high_score) for high_score
    main.o(.ARM.exidx.text.main) refers to main.o(.text.main) for [Anonymous Symbol]
    startup_mkl05z4.o(STACK) refers (Special) to heapauxi.o(.text) for __use_two_region_memory
    startup_mkl05z4.o(HEAP) refers (Special) to heapauxi.o(.text) for __use_two_region_memory
    startup_mkl05z4.o(RESET) refers (Special) to heapauxi.o(.text) for __use_two_region_memory
    startup_mkl05z4.o(RESET) refers to startup_mkl05z4.o(STACK) for __initial_sp
    startup_mkl05z4.o(RESET) refers to startup_mkl05z4.o(.text) for Reset_Handler
    startup_mkl05z4.o(RESET) refers to main.o(.text.PORTA_IRQHandler) for PORTA_IRQHandler
    startup_mkl05z4.o(.ARM.__at_0x400) refers (Special) to heapauxi.o(.text) for __use_two_region_memory
    startup_mkl05z4.o(.text) refers (Special) to heapauxi.o(.text) for __use_two_region_memory
    startup_mkl05z4.o(.text) refers to system_mkl05z4.o(.text.SystemInit) for SystemInit
    startup_mkl05z4.o(.text) refers to __main.o(!!!main) for __main
    startup_mkl05z4.o(.text) refers to startup_mkl05z4.o(HEAP) for Heap_Mem
    startup_mkl05z4.o(.text) refers to startup_mkl05z4.o(STACK) for Stack_Mem
    system_mkl05z4.o(.ARM.exidx.text.SystemInit) refers to system_mkl05z4.o(.text.SystemInit) for [Anonymous Symbol]
    system_mkl05z4.o(.text.SystemCoreClockUpdate) refers to aeabi_sdivfast.o(.text_divfast) for __aeabi_uidiv
    system_mkl05z4.o(.text.SystemCoreClockUpdate) refers to system_mkl05z4.o(.data.SystemCoreClock) for SystemCoreClock
    system_mkl05z4.o(.ARM.exidx.text.SystemCoreClockUpdate) refers to system_mkl05z4.o(.text.SystemCoreClockUpdate) for [Anonymous Symbol]
    rt_memcpy.o(.text) refers to rt_memcpy.o(.emb_text) for __aeabi_memcpy4
    aeabi_memset4.o(.text) refers to rt_memclr.o(.text) for _memset_w
    __main.o(!!!main) refers to __rtentry.o(.ARM.Collect$$rtentry$$00000000) for __rt_entry
    __rtentry.o(.ARM.Collect$$rtentry$$00000000) refers (Special) to __rtentry2.o(.ARM.Collect$$rtentry$$0000000A) for __rt_entry_li
    __rtentry.o(.ARM.Collect$$rtentry$$00000000) refers (Special) to __rtentry2.o(.ARM.Collect$$rtentry$$0000000D) for __rt_entry_main
    __rtentry.o(.ARM.Collect$$rtentry$$00000000) refers (Special) to __rtentry2.o(.ARM.Collect$$rtentry$$0000000C) for __rt_entry_postli_1
    __rtentry.o(.ARM.Collect$$rtentry$$00000000) refers (Special) to __rtentry2.o(.ARM.Collect$$rtentry$$00000009) for __rt_entry_postsh_1
    __rtentry.o(.ARM.Collect$$rtentry$$00000000) refers (Special) to __rtentry2.o(.ARM.Collect$$rtentry$$00000002) for __rt_entry_presh_1
    __rtentry.o(.ARM.Collect$$rtentry$$00000000) refers (Special) to __rtentry4.o(.ARM.Collect$$rtentry$$00000004) for __rt_entry_sh
    aeabi_idiv0_sigfpe.o(.text) refers to rt_div0.o(.text) for __rt_div0
    __rtentry2.o(.ARM.Collect$$rtentry$$00000008) refers to boardinit2.o(.text) for _platform_post_stackheap_init
    __rtentry2.o(.ARM.Collect$$rtentry$$0000000A) refers to libinit.o(.ARM.Collect$$libinit$$00000000) for __rt_lib_init
    __rtentry2.o(.ARM.Collect$$rtentry$$0000000B) refers to boardinit3.o(.text) for _platform_post_lib_init
    __rtentry2.o(.ARM.Collect$$rtentry$$0000000D) refers to main.o(.text.main) for main
    __rtentry2.o(.ARM.Collect$$rtentry$$0000000D) refers to exit.o(.text) for exit
    __rtentry2.o(.ARM.exidx) refers to __rtentry2.o(.ARM.Collect$$rtentry$$00000001) for .ARM.Collect$$rtentry$$00000001
    __rtentry2.o(.ARM.exidx) refers to __rtentry2.o(.ARM.Collect$$rtentry$$00000008) for .ARM.Collect$$rtentry$$00000008
    __rtentry2.o(.ARM.exidx) refers to __rtentry2.o(.ARM.Collect$$rtentry$$0000000A) for .ARM.Collect$$rtentry$$0000000A
    __rtentry2.o(.ARM.exidx) refers to __rtentry2.o(.ARM.Collect$$rtentry$$0000000B) for .ARM.Collect$$rtentry$$0000000B
    __rtentry2.o(.ARM.exidx) refers to __rtentry2.o(.ARM.Collect$$rtentry$$0000000D) for .ARM.Collect$$rtentry$$0000000D
    __rtentry4.o(.ARM.Collect$$rtentry$$00000004) refers to sys_stackheap_outer.o(.text) for __user_setup_stackheap
    __rtentry4.o(.ARM.exidx) refers to __rtentry4.o(.ARM.Collect$$rtentry$$00000004) for .ARM.Collect$$rtentry$$00000004
    rt_div0.o(.text) refers to defsig_fpe_outer.o(.text) for __rt_SIGFPE
    sys_stackheap_outer.o(.text) refers to libspace.o(.text) for __user_perproc_libspace
    sys_stackheap_outer.o(.text) refers to startup_mkl05z4.o(.text) for __user_initial_stackheap
    sys_stackheap_outer.o(__vectab_stack_and_reset_area) refers to tempstk.o(.text) for __temporary_stack_top
    sys_stackheap_outer.o(__vectab_stack_and_reset_area) refers to __main.o(!!!main) for __main
    exit.o(.text) refers to rtexit.o(.ARM.Collect$$rtexit$$00000000) for __rt_exit
    defsig_fpe_outer.o(.text) refers to defsig_fpe_inner.o(.text) for __rt_SIGFPE_inner
    defsig_fpe_outer.o(.text) refers to defsig_exit.o(.text) for __sig_exit
    defsig_fpe_formal.o(.text) refers to rt_raise.o(.text) for __rt_raise
    libinit.o(.ARM.Collect$$libinit$$00000000) refers (Special) to libinit2.o(.ARM.Collect$$libinit$$0000002E) for __rt_lib_init_alloca_1
    libinit.o(.ARM.Collect$$libinit$$00000000) refers (Special) to libinit2.o(.ARM.Collect$$libinit$$0000002C) for __rt_lib_init_argv_1
    libinit.o(.ARM.Collect$$libinit$$00000000) refers (Special) to libinit2.o(.ARM.Collect$$libinit$$0000001B) for __rt_lib_init_atexit_1
    libinit.o(.ARM.Collect$$libinit$$00000000) refers (Special) to libinit2.o(.ARM.Collect$$libinit$$00000021) for __rt_lib_init_clock_1
    libinit.o(.ARM.Collect$$libinit$$00000000) refers (Special) to libinit2.o(.ARM.Collect$$libinit$$00000032) for __rt_lib_init_cpp_1
    libinit.o(.ARM.Collect$$libinit$$00000000) refers (Special) to libinit2.o(.ARM.Collect$$libinit$$00000030) for __rt_lib_init_exceptions_1
    libinit.o(.ARM.Collect$$libinit$$00000000) refers (Special) to libinit2.o(.ARM.Collect$$libinit$$00000002) for __rt_lib_init_fp_1
    libinit.o(.ARM.Collect$$libinit$$00000000) refers (Special) to libinit2.o(.ARM.Collect$$libinit$$0000001F) for __rt_lib_init_fp_trap_1
    libinit.o(.ARM.Collect$$libinit$$00000000) refers (Special) to libinit2.o(.ARM.Collect$$libinit$$00000023) for __rt_lib_init_getenv_1
    libinit.o(.ARM.Collect$$libinit$$00000000) refers (Special) to libinit2.o(.ARM.Collect$$libinit$$0000000A) for __rt_lib_init_heap_1
    libinit.o(.ARM.Collect$$libinit$$00000000) refers (Special) to libinit2.o(.ARM.Collect$$libinit$$00000011) for __rt_lib_init_lc_collate_1
    libinit.o(.ARM.Collect$$libinit$$00000000) refers (Special) to libinit2.o(.ARM.Collect$$libinit$$00000013) for __rt_lib_init_lc_ctype_1
    libinit.o(.ARM.Collect$$libinit$$00000000) refers (Special) to libinit2.o(.ARM.Collect$$libinit$$00000015) for __rt_lib_init_lc_monetary_1
    libinit.o(.ARM.Collect$$libinit$$00000000) refers (Special) to libinit2.o(.ARM.Collect$$libinit$$00000017) for __rt_lib_init_lc_numeric_1
    libinit.o(.ARM.Collect$$libinit$$00000000) refers (Special) to libinit2.o(.ARM.Collect$$libinit$$00000019) for __rt_lib_init_lc_time_1
    libinit.o(.ARM.Collect$$libinit$$00000000) refers (Special) to libinit2.o(.ARM.Collect$$libinit$$00000004) for __rt_lib_init_preinit_1
    libinit.o(.ARM.Collect$$libinit$$00000000) refers (Special) to libinit2.o(.ARM.Collect$$libinit$$0000000E) for __rt_lib_init_rand_1
    libinit.o(.ARM.Collect$$libinit$$00000000) refers (Special) to libinit2.o(.ARM.Collect$$libinit$$00000033) for __rt_lib_init_return
    libinit.o(.ARM.Collect$$libinit$$00000000) refers (Special) to libinit2.o(.ARM.Collect$$libinit$$0000001D) for __rt_lib_init_signal_1
    libinit.o(.ARM.Collect$$libinit$$00000000) refers (Special) to libinit2.o(.ARM.Collect$$libinit$$00000025) for __rt_lib_init_stdio_1
    libinit.o(.ARM.Collect$$libinit$$00000000) refers (Special) to libinit2.o(.ARM.Collect$$libinit$$0000000C) for __rt_lib_init_user_alloc_1
    libspace.o(.text) refers to libspace.o(.bss) for __libspace_start
    rtexit.o(.ARM.Collect$$rtexit$$00000000) refers (Special) to rtexit2.o(.ARM.Collect$$rtexit$$00000004) for __rt_exit_exit
    rtexit.o(.ARM.Collect$$rtexit$$00000000) refers (Special) to rtexit2.o(.ARM.Collect$$rtexit$$00000003) for __rt_exit_ls
    rtexit.o(.ARM.Collect$$rtexit$$00000000) refers (Special) to rtexit2.o(.ARM.Collect$$rtexit$$00000002) for __rt_exit_prels_1
    rtexit.o(.ARM.exidx) refers (Special) to rtexit2.o(.ARM.Collect$$rtexit$$00000004) for __rt_exit_exit
    rtexit.o(.ARM.exidx) refers (Special) to rtexit2.o(.ARM.Collect$$rtexit$$00000003) for __rt_exit_ls
    rtexit.o(.ARM.exidx) refers (Special) to rtexit2.o(.ARM.Collect$$rtexit$$00000002) for __rt_exit_prels_1
    rtexit.o(.ARM.exidx) refers to rtexit.o(.ARM.Collect$$rtexit$$00000000) for .ARM.Collect$$rtexit$$00000000
    rt_raise.o(.text) refers to __raise.o(.text) for __raise
    rt_raise.o(.text) refers to sys_exit.o(.text) for _sys_exit
    defsig_exit.o(.text) refers to sys_exit.o(.text) for _sys_exit
    defsig_fpe_inner.o(.text) refers to defsig_general.o(.text) for __default_signal_display
    libinit2.o(.ARM.Collect$$libinit$$00000010) refers to libinit2.o(.ARM.Collect$$libinit$$0000000F) for .ARM.Collect$$libinit$$0000000F
    libinit2.o(.ARM.Collect$$libinit$$00000012) refers to libinit2.o(.ARM.Collect$$libinit$$0000000F) for .ARM.Collect$$libinit$$0000000F
    libinit2.o(.ARM.Collect$$libinit$$00000014) refers to libinit2.o(.ARM.Collect$$libinit$$0000000F) for .ARM.Collect$$libinit$$0000000F
    libinit2.o(.ARM.Collect$$libinit$$00000016) refers to libinit2.o(.ARM.Collect$$libinit$$0000000F) for .ARM.Collect$$libinit$$0000000F
    libinit2.o(.ARM.Collect$$libinit$$00000018) refers to libinit2.o(.ARM.Collect$$libinit$$0000000F) for .ARM.Collect$$libinit$$0000000F
    libinit2.o(.ARM.Collect$$libinit$$00000026) refers to argv_veneer.o(.text) for __ARM_argv_veneer
    libinit2.o(.ARM.Collect$$libinit$$00000027) refers to argv_veneer.o(.text) for __ARM_argv_veneer
    sys_exit.o(.text) refers (Special) to use_no_semi.o(.text) for __I$use$semihosting
    sys_exit.o(.text) refers (Special) to indicate_semi.o(.text) for __semihosting_library_function
    sys_exit_hlt.o(.text) refers (Special) to use_no_semi.o(.text) for __I$use$semihosting
    sys_exit_hlt.o(.text) refers (Special) to indicate_semi.o(.text) for __semihosting_library_function
    rtexit2.o(.ARM.Collect$$rtexit$$00000003) refers to libshutdown.o(.ARM.Collect$$libshutdown$$00000000) for __rt_lib_shutdown
    rtexit2.o(.ARM.Collect$$rtexit$$00000004) refers to sys_exit.o(.text) for _sys_exit
    rtexit2.o(.ARM.exidx) refers to rtexit2.o(.ARM.Collect$$rtexit$$00000001) for .ARM.Collect$$rtexit$$00000001
    rtexit2.o(.ARM.exidx) refers to rtexit2.o(.ARM.Collect$$rtexit$$00000003) for .ARM.Collect$$rtexit$$00000003
    rtexit2.o(.ARM.exidx) refers to rtexit2.o(.ARM.Collect$$rtexit$$00000004) for .ARM.Collect$$rtexit$$00000004
    __raise.o(.text) refers to defsig.o(CL$$defsig) for __default_signal_handler
    defsig_general.o(.text) refers to sys_wrch.o(.text) for _ttywrch
    sys_wrch.o(.text) refers (Special) to use_no_semi.o(.text) for __I$use$semihosting
    sys_wrch.o(.text) refers (Special) to indicate_semi.o(.text) for __semihosting_library_function
    sys_wrch_hlt.o(.text) refers (Special) to use_no_semi.o(.text) for __I$use$semihosting
    sys_wrch_hlt.o(.text) refers (Special) to indicate_semi.o(.text) for __semihosting_library_function
    defsig.o(CL$$defsig) refers to defsig_fpe_inner.o(.text) for __rt_SIGFPE_inner
    defsig.o(CL$$defsig) refers to defsig_rtmem_inner.o(.text) for __rt_SIGRTMEM_inner
    _get_argv_nomalloc.o(.text) refers (Special) to hrguard.o(.text) for __heap_region$guard
    _get_argv_nomalloc.o(.text) refers to defsig_rtmem_outer.o(.text) for __rt_SIGRTMEM
    _get_argv_nomalloc.o(.text) refers to sys_command.o(.text) for _sys_command_string
    libshutdown.o(.ARM.Collect$$libshutdown$$00000000) refers (Special) to libshutdown2.o(.ARM.Collect$$libshutdown$$00000002) for __rt_lib_shutdown_cpp_1
    libshutdown.o(.ARM.Collect$$libshutdown$$00000000) refers (Special) to libshutdown2.o(.ARM.Collect$$libshutdown$$00000007) for __rt_lib_shutdown_fp_trap_1
    libshutdown.o(.ARM.Collect$$libshutdown$$00000000) refers (Special) to libshutdown2.o(.ARM.Collect$$libshutdown$$0000000F) for __rt_lib_shutdown_heap_1
    libshutdown.o(.ARM.Collect$$libshutdown$$00000000) refers (Special) to libshutdown2.o(.ARM.Collect$$libshutdown$$00000010) for __rt_lib_shutdown_return
    libshutdown.o(.ARM.Collect$$libshutdown$$00000000) refers (Special) to libshutdown2.o(.ARM.Collect$$libshutdown$$0000000A) for __rt_lib_shutdown_signal_1
    libshutdown.o(.ARM.Collect$$libshutdown$$00000000) refers (Special) to libshutdown2.o(.ARM.Collect$$libshutdown$$00000004) for __rt_lib_shutdown_stdio_1
    libshutdown.o(.ARM.Collect$$libshutdown$$00000000) refers (Special) to libshutdown2.o(.ARM.Collect$$libshutdown$$0000000C) for __rt_lib_shutdown_user_alloc_1
    sys_command.o(.text) refers (Special) to use_no_semi.o(.text) for __I$use$semihosting
    sys_command.o(.text) refers (Special) to indicate_semi.o(.text) for __semihosting_library_function
    sys_command_hlt.o(.text) refers (Special) to use_no_semi.o(.text) for __I$use$semihosting
    sys_command_hlt.o(.text) refers (Special) to indicate_semi.o(.text) for __semihosting_library_function
    defsig_abrt_inner.o(.text) refers to defsig_general.o(.text) for __default_signal_display
    defsig_rtred_inner.o(.text) refers to defsig_general.o(.text) for __default_signal_display
    defsig_rtmem_inner.o(.text) refers to defsig_general.o(.text) for __default_signal_display
    defsig_rtmem_outer.o(.text) refers to defsig_rtmem_inner.o(.text) for __rt_SIGRTMEM_inner
    defsig_rtmem_outer.o(.text) refers to defsig_exit.o(.text) for __sig_exit
    defsig_rtmem_formal.o(.text) refers to rt_raise.o(.text) for __rt_raise
    defsig_stak_inner.o(.text) refers to defsig_general.o(.text) for __default_signal_display
    defsig_pvfn_inner.o(.text) refers to defsig_general.o(.text) for __default_signal_display
    defsig_cppl_inner.o(.text) refers to defsig_general.o(.text) for __default_signal_display
    defsig_segv_inner.o(.text) refers to defsig_general.o(.text) for __default_signal_display
    defsig_other.o(.text) refers to defsig_general.o(.text) for __default_signal_display


==============================================================================

Removing Unused input sections from the image.

    Removing main.o(.text), (0 bytes).
    Removing main.o(.ARM.exidx.text.del_ms), (8 bytes).
    Removing main.o(.ARM.exidx.text.PORTA_IRQHandler), (8 bytes).
    Removing main.o(.ARM.exidx.text.buttonsInitialize), (8 bytes).
    Removing main.o(.ARM.exidx.text.__NVIC_ClearPendingIRQ), (8 bytes).
    Removing main.o(.ARM.exidx.text.__NVIC_EnableIRQ), (8 bytes).
    Removing main.o(.ARM.exidx.text.__NVIC_SetPriority), (8 bytes).
    Removing main.o(.ARM.exidx.text.delay_us), (8 bytes).
    Removing main.o(.ARM.exidx.text.delay_ms), (8 bytes).
    Removing main.o(.ARM.exidx.text.setup), (8 bytes).
    Removing main.o(.ARM.exidx.text.set_portb_bit), (8 bytes).
    Removing main.o(.ARM.exidx.text.clear_portb_bit), (8 bytes).
    Removing main.o(.ARM.exidx.text.check_bit), (8 bytes).
    Removing main.o(.ARM.exidx.text.pass_data), (8 bytes).
    Removing main.o(.text.display_blank), (24 bytes).
    Removing main.o(.ARM.exidx.text.display_blank), (8 bytes).
    Removing main.o(.ARM.exidx.text.display_normal), (8 bytes).
    Removing main.o(.ARM.exidx.text.display_inverse), (8 bytes).
    Removing main.o(.ARM.exidx.text.NOKIA_INIT), (8 bytes).
    Removing main.o(.ARM.exidx.text.set_char), (8 bytes).
    Removing main.o(.ARM.exidx.text.set_string), (8 bytes).
    Removing main.o(.ARM.exidx.text.set_first_digit), (8 bytes).
    Removing main.o(.ARM.exidx.text.set_second_digit), (8 bytes).
    Removing main.o(.ARM.exidx.text.set_third_digit), (8 bytes).
    Removing main.o(.ARM.exidx.text.set_clear), (8 bytes).
    Removing main.o(.ARM.exidx.text.display), (8 bytes).
    Removing main.o(.ARM.exidx.text.set_game_over_screen), (8 bytes).
    Removing main.o(.ARM.exidx.text.set_welcome_screen), (8 bytes).
    Removing main.o(.ARM.exidx.text.set_init_screen), (8 bytes).
    Removing main.o(.ARM.exidx.text.set_frame), (8 bytes).
    Removing main.o(.ARM.exidx.text.set_clear_without_frame), (8 bytes).
    Removing main.o(.ARM.exidx.text.init_snake), (8 bytes).
    Removing main.o(.ARM.exidx.text.set_snake), (8 bytes).
    Removing main.o(.ARM.exidx.text.clear_snake), (8 bytes).
    Removing main.o(.ARM.exidx.text.snake_pos), (8 bytes).
    Removing main.o(.ARM.exidx.text.set_pix), (8 bytes).
    Removing main.o(.ARM.exidx.text.food_pos_set), (8 bytes).
    Removing main.o(.ARM.exidx.text.check_food), (8 bytes).
    Removing main.o(.ARM.exidx.text.check_snake), (8 bytes).
    Removing main.o(.ARM.exidx.text.set_score), (8 bytes).
    Removing main.o(.ARM.exidx.text.main), (8 bytes).
    Removing main.o(.ARM.use_no_argv), (4 bytes).
    Removing system_mkl05z4.o(.text), (0 bytes).
    Removing system_mkl05z4.o(.ARM.exidx.text.SystemInit), (8 bytes).
    Removing system_mkl05z4.o(.text.SystemCoreClockUpdate), (184 bytes).
    Removing system_mkl05z4.o(.ARM.exidx.text.SystemCoreClockUpdate), (8 bytes).
    Removing system_mkl05z4.o(.data.SystemCoreClock), (4 bytes).

47 unused section(s) (total 544 bytes) removed from the image.

==============================================================================

Image Symbol Table

    Local Symbols

    Symbol Name                              Value     Ov Type        Size  Object(Section)

    ../clib/angel/boardlib.s                 0x00000000   Number         0  boardinit1.o ABSOLUTE
    ../clib/angel/boardlib.s                 0x00000000   Number         0  boardinit2.o ABSOLUTE
    ../clib/angel/boardlib.s                 0x00000000   Number         0  boardinit3.o ABSOLUTE
    ../clib/angel/boardlib.s                 0x00000000   Number         0  boardshut.o ABSOLUTE
    ../clib/angel/handlers.s                 0x00000000   Number         0  __scatter_copy.o ABSOLUTE
    ../clib/angel/handlers.s                 0x00000000   Number         0  __scatter_zi.o ABSOLUTE
    ../clib/angel/kernel.s                   0x00000000   Number         0  __rtentry.o ABSOLUTE
    ../clib/angel/kernel.s                   0x00000000   Number         0  __rtentry2.o ABSOLUTE
    ../clib/angel/kernel.s                   0x00000000   Number         0  __rtentry4.o ABSOLUTE
    ../clib/angel/kernel.s                   0x00000000   Number         0  rtexit.o ABSOLUTE
    ../clib/angel/kernel.s                   0x00000000   Number         0  rtexit2.o ABSOLUTE
    ../clib/angel/rt.s                       0x00000000   Number         0  aeabi_idiv0.o ABSOLUTE
    ../clib/angel/rt.s                       0x00000000   Number         0  aeabi_idiv0_sigfpe.o ABSOLUTE
    ../clib/angel/rt.s                       0x00000000   Number         0  rt_div0.o ABSOLUTE
    ../clib/angel/rt.s                       0x00000000   Number         0  rt_raise.o ABSOLUTE
    ../clib/angel/scatterp.s                 0x00000000   Number         0  __scatter.o ABSOLUTE
    ../clib/angel/startup.s                  0x00000000   Number         0  __main.o ABSOLUTE
    ../clib/angel/sys.s                      0x00000000   Number         0  sys_stackheap_outer.o ABSOLUTE
    ../clib/angel/sys.s                      0x00000000   Number         0  libspace.o ABSOLUTE
    ../clib/angel/sys.s                      0x00000000   Number         0  tempstk.o ABSOLUTE
    ../clib/angel/sys.s                      0x00000000   Number         0  use_no_semi.o ABSOLUTE
    ../clib/angel/sys.s                      0x00000000   Number         0  indicate_semi.o ABSOLUTE
    ../clib/angel/sysapp.c                   0x00000000   Number         0  sys_exit.o ABSOLUTE
    ../clib/angel/sysapp.c                   0x00000000   Number         0  sys_exit_hlt.o ABSOLUTE
    ../clib/angel/sysapp.c                   0x00000000   Number         0  sys_wrch.o ABSOLUTE
    ../clib/angel/sysapp.c                   0x00000000   Number         0  sys_wrch_hlt.o ABSOLUTE
    ../clib/angel/sysapp.c                   0x00000000   Number         0  sys_command.o ABSOLUTE
    ../clib/angel/sysapp.c                   0x00000000   Number         0  sys_command_hlt.o ABSOLUTE
    ../clib/armsys.c                         0x00000000   Number         0  argv_veneer.o ABSOLUTE
    ../clib/armsys.c                         0x00000000   Number         0  _get_argv_nomalloc.o ABSOLUTE
    ../clib/armsys.c                         0x00000000   Number         0  no_argv.o ABSOLUTE
    ../clib/division.s                       0x00000000   Number         0  aeabi_sdivfast.o ABSOLUTE
    ../clib/division.s                       0x00000000   Number         0  aeabi_sdivfast_div0.o ABSOLUTE
    ../clib/heapalloc.c                      0x00000000   Number         0  hrguard.o ABSOLUTE
    ../clib/heapaux.c                        0x00000000   Number         0  heapauxi.o ABSOLUTE
    ../clib/libinit.s                        0x00000000   Number         0  libinit.o ABSOLUTE
    ../clib/libinit.s                        0x00000000   Number         0  libinit2.o ABSOLUTE
    ../clib/libinit.s                        0x00000000   Number         0  libshutdown.o ABSOLUTE
    ../clib/libinit.s                        0x00000000   Number         0  libshutdown2.o ABSOLUTE
    ../clib/memcpset.c                       0x00000000   Number         0  rt_memcpy.o ABSOLUTE
    ../clib/memcpset.c                       0x00000000   Number         0  rt_memcpy.o ABSOLUTE
    ../clib/memcpset.c                       0x00000000   Number         0  aeabi_memset4.o ABSOLUTE
    ../clib/memcpset.c                       0x00000000   Number         0  rt_memclr.o ABSOLUTE
    ../clib/signal.c                         0x00000000   Number         0  defsig_fpe_outer.o ABSOLUTE
    ../clib/signal.c                         0x00000000   Number         0  defsig_fpe_formal.o ABSOLUTE
    ../clib/signal.c                         0x00000000   Number         0  defsig_exit.o ABSOLUTE
    ../clib/signal.c                         0x00000000   Number         0  defsig_fpe_inner.o ABSOLUTE
    ../clib/signal.c                         0x00000000   Number         0  __raise.o ABSOLUTE
    ../clib/signal.c                         0x00000000   Number         0  defsig_general.o ABSOLUTE
    ../clib/signal.c                         0x00000000   Number         0  defsig_abrt_inner.o ABSOLUTE
    ../clib/signal.c                         0x00000000   Number         0  defsig_rtred_inner.o ABSOLUTE
    ../clib/signal.c                         0x00000000   Number         0  defsig_rtmem_inner.o ABSOLUTE
    ../clib/signal.c                         0x00000000   Number         0  defsig_rtmem_outer.o ABSOLUTE
    ../clib/signal.c                         0x00000000   Number         0  defsig_rtmem_formal.o ABSOLUTE
    ../clib/signal.c                         0x00000000   Number         0  defsig_stak_inner.o ABSOLUTE
    ../clib/signal.c                         0x00000000   Number         0  defsig_pvfn_inner.o ABSOLUTE
    ../clib/signal.c                         0x00000000   Number         0  defsig_cppl_inner.o ABSOLUTE
    ../clib/signal.c                         0x00000000   Number         0  defsig_segv_inner.o ABSOLUTE
    ../clib/signal.c                         0x00000000   Number         0  defsig_other.o ABSOLUTE
    ../clib/signal.s                         0x00000000   Number         0  defsig.o ABSOLUTE
    ../clib/stdlib.c                         0x00000000   Number         0  exit.o ABSOLUTE
    ../fplib/cfplib/fpinit.c                 0x00000000   Number         0  fpinit.o ABSOLUTE
    RTE/Device/MKL05Z32xxx4/startup_MKL05Z4.s 0x00000000   Number         0  startup_mkl05z4.o ABSOLUTE
    dc.s                                     0x00000000   Number         0  dc.o ABSOLUTE
    main.c                                   0x00000000   Number         0  main.o ABSOLUTE
    system_MKL05Z4.c                         0x00000000   Number         0  system_mkl05z4.o ABSOLUTE
    RESET                                    0x00000000   Section      192  startup_mkl05z4.o(RESET)
    !!!main                                  0x000000c0   Section        8  __main.o(!!!main)
    !!!scatter                               0x000000c8   Section       60  __scatter.o(!!!scatter)
    !!handler_copy                           0x00000104   Section       26  __scatter_copy.o(!!handler_copy)
    !!handler_zi                             0x00000120   Section       28  __scatter_zi.o(!!handler_zi)
    .ARM.Collect$$libinit$$00000000          0x0000013c   Section        2  libinit.o(.ARM.Collect$$libinit$$00000000)
    .ARM.Collect$$libinit$$00000002          0x0000013e   Section        0  libinit2.o(.ARM.Collect$$libinit$$00000002)
    .ARM.Collect$$libinit$$00000004          0x0000013e   Section        0  libinit2.o(.ARM.Collect$$libinit$$00000004)
    .ARM.Collect$$libinit$$0000000A          0x0000013e   Section        0  libinit2.o(.ARM.Collect$$libinit$$0000000A)
    .ARM.Collect$$libinit$$0000000C          0x0000013e   Section        0  libinit2.o(.ARM.Collect$$libinit$$0000000C)
    .ARM.Collect$$libinit$$0000000E          0x0000013e   Section        0  libinit2.o(.ARM.Collect$$libinit$$0000000E)
    .ARM.Collect$$libinit$$00000011          0x0000013e   Section        0  libinit2.o(.ARM.Collect$$libinit$$00000011)
    .ARM.Collect$$libinit$$00000013          0x0000013e   Section        0  libinit2.o(.ARM.Collect$$libinit$$00000013)
    .ARM.Collect$$libinit$$00000015          0x0000013e   Section        0  libinit2.o(.ARM.Collect$$libinit$$00000015)
    .ARM.Collect$$libinit$$00000017          0x0000013e   Section        0  libinit2.o(.ARM.Collect$$libinit$$00000017)
    .ARM.Collect$$libinit$$00000019          0x0000013e   Section        0  libinit2.o(.ARM.Collect$$libinit$$00000019)
    .ARM.Collect$$libinit$$0000001B          0x0000013e   Section        0  libinit2.o(.ARM.Collect$$libinit$$0000001B)
    .ARM.Collect$$libinit$$0000001D          0x0000013e   Section        0  libinit2.o(.ARM.Collect$$libinit$$0000001D)
    .ARM.Collect$$libinit$$0000001F          0x0000013e   Section        0  libinit2.o(.ARM.Collect$$libinit$$0000001F)
    .ARM.Collect$$libinit$$00000021          0x0000013e   Section        0  libinit2.o(.ARM.Collect$$libinit$$00000021)
    .ARM.Collect$$libinit$$00000023          0x0000013e   Section        0  libinit2.o(.ARM.Collect$$libinit$$00000023)
    .ARM.Collect$$libinit$$00000025          0x0000013e   Section        0  libinit2.o(.ARM.Collect$$libinit$$00000025)
    .ARM.Collect$$libinit$$0000002C          0x0000013e   Section        0  libinit2.o(.ARM.Collect$$libinit$$0000002C)
    .ARM.Collect$$libinit$$0000002E          0x0000013e   Section        0  libinit2.o(.ARM.Collect$$libinit$$0000002E)
    .ARM.Collect$$libinit$$00000030          0x0000013e   Section        0  libinit2.o(.ARM.Collect$$libinit$$00000030)
    .ARM.Collect$$libinit$$00000032          0x0000013e   Section        0  libinit2.o(.ARM.Collect$$libinit$$00000032)
    .ARM.Collect$$libinit$$00000033          0x0000013e   Section        2  libinit2.o(.ARM.Collect$$libinit$$00000033)
    .ARM.Collect$$libshutdown$$00000000      0x00000140   Section        2  libshutdown.o(.ARM.Collect$$libshutdown$$00000000)
    .ARM.Collect$$libshutdown$$00000002      0x00000142   Section        0  libshutdown2.o(.ARM.Collect$$libshutdown$$00000002)
    .ARM.Collect$$libshutdown$$00000004      0x00000142   Section        0  libshutdown2.o(.ARM.Collect$$libshutdown$$00000004)
    .ARM.Collect$$libshutdown$$00000007      0x00000142   Section        0  libshutdown2.o(.ARM.Collect$$libshutdown$$00000007)
    .ARM.Collect$$libshutdown$$0000000A      0x00000142   Section        0  libshutdown2.o(.ARM.Collect$$libshutdown$$0000000A)
    .ARM.Collect$$libshutdown$$0000000C      0x00000142   Section        0  libshutdown2.o(.ARM.Collect$$libshutdown$$0000000C)
    .ARM.Collect$$libshutdown$$0000000F      0x00000142   Section        0  libshutdown2.o(.ARM.Collect$$libshutdown$$0000000F)
    .ARM.Collect$$libshutdown$$00000010      0x00000142   Section        2  libshutdown2.o(.ARM.Collect$$libshutdown$$00000010)
    .ARM.Collect$$rtentry$$00000000          0x00000144   Section        0  __rtentry.o(.ARM.Collect$$rtentry$$00000000)
    .ARM.Collect$$rtentry$$00000002          0x00000144   Section        0  __rtentry2.o(.ARM.Collect$$rtentry$$00000002)
    .ARM.Collect$$rtentry$$00000004          0x00000144   Section        6  __rtentry4.o(.ARM.Collect$$rtentry$$00000004)
    .ARM.Collect$$rtentry$$00000009          0x0000014a   Section        0  __rtentry2.o(.ARM.Collect$$rtentry$$00000009)
    .ARM.Collect$$rtentry$$0000000A          0x0000014a   Section        4  __rtentry2.o(.ARM.Collect$$rtentry$$0000000A)
    .ARM.Collect$$rtentry$$0000000C          0x0000014e   Section        0  __rtentry2.o(.ARM.Collect$$rtentry$$0000000C)
    .ARM.Collect$$rtentry$$0000000D          0x0000014e   Section        8  __rtentry2.o(.ARM.Collect$$rtentry$$0000000D)
    .ARM.Collect$$rtexit$$00000000           0x00000156   Section        2  rtexit.o(.ARM.Collect$$rtexit$$00000000)
    .ARM.Collect$$rtexit$$00000002           0x00000158   Section        0  rtexit2.o(.ARM.Collect$$rtexit$$00000002)
    .ARM.Collect$$rtexit$$00000003           0x00000158   Section        4  rtexit2.o(.ARM.Collect$$rtexit$$00000003)
    .ARM.Collect$$rtexit$$00000004           0x0000015c   Section        6  rtexit2.o(.ARM.Collect$$rtexit$$00000004)
    .emb_text                                0x00000164   Section       56  rt_memcpy.o(.emb_text)
    .text                                    0x0000019c   Section       52  startup_mkl05z4.o(.text)
    .text                                    0x000001d0   Section        0  aeabi_memset4.o(.text)
    .text                                    0x000001e2   Section        0  rt_memclr.o(.text)
    .text                                    0x00000222   Section        0  heapauxi.o(.text)
    .text                                    0x00000228   Section       62  sys_stackheap_outer.o(.text)
    .text                                    0x00000266   Section        0  exit.o(.text)
    .text                                    0x00000278   Section        8  libspace.o(.text)
    .text                                    0x00000280   Section        0  sys_exit.o(.text)
    .text                                    0x0000028c   Section        2  use_no_semi.o(.text)
    [Anonymous Symbol]                       0x0000028e   Section        0  main.o(.text.NOKIA_INIT)
    .text                                    0x0000028e   Section        0  indicate_semi.o(.text)
    [Anonymous Symbol]                       0x000002e0   Section        0  system_mkl05z4.o(.text.SystemInit)
    __arm_cp.0_0                             0x0000031c   Number         4  system_mkl05z4.o(.text.SystemInit)
    __arm_cp.0_1                             0x00000320   Number         4  system_mkl05z4.o(.text.SystemInit)
    __arm_cp.0_2                             0x00000324   Number         4  system_mkl05z4.o(.text.SystemInit)
    __arm_cp.0_3                             0x00000328   Number         4  system_mkl05z4.o(.text.SystemInit)
    __NVIC_ClearPendingIRQ                   0x0000032d   Thumb Code    16  main.o(.text.__NVIC_ClearPendingIRQ)
    [Anonymous Symbol]                       0x0000032c   Section        0  main.o(.text.__NVIC_ClearPendingIRQ)
    __arm_cp.3_0                             0x00000338   Number         4  main.o(.text.__NVIC_ClearPendingIRQ)
    __NVIC_EnableIRQ                         0x0000033d   Thumb Code    16  main.o(.text.__NVIC_EnableIRQ)
    [Anonymous Symbol]                       0x0000033c   Section        0  main.o(.text.__NVIC_EnableIRQ)
    __arm_cp.4_0                             0x00000348   Number         4  main.o(.text.__NVIC_EnableIRQ)
    __NVIC_SetPriority                       0x0000034d   Thumb Code    24  main.o(.text.__NVIC_SetPriority)
    [Anonymous Symbol]                       0x0000034c   Section        0  main.o(.text.__NVIC_SetPriority)
    __arm_cp.5_0                             0x00000360   Number         4  main.o(.text.__NVIC_SetPriority)
    [Anonymous Symbol]                       0x00000364   Section        0  main.o(.text.check_bit)
    [Anonymous Symbol]                       0x0000036c   Section        0  main.o(.text.check_food)
    __arm_cp.35_0                            0x000003b4   Number         4  main.o(.text.check_food)
    __arm_cp.35_1                            0x000003b8   Number         4  main.o(.text.check_food)
    __arm_cp.35_2                            0x000003bc   Number         4  main.o(.text.check_food)
    __arm_cp.35_3                            0x000003c0   Number         4  main.o(.text.check_food)
    __arm_cp.35_4                            0x000003c4   Number         4  main.o(.text.check_food)
    __arm_cp.35_5                            0x000003c8   Number         4  main.o(.text.check_food)
    [Anonymous Symbol]                       0x000003cc   Section        0  main.o(.text.clear_portb_bit)
    __arm_cp.10_0                            0x000003dc   Number         4  main.o(.text.clear_portb_bit)
    [Anonymous Symbol]                       0x000003e0   Section        0  main.o(.text.display)
    __arm_cp.23_0                            0x000003f8   Number         4  main.o(.text.display)
    .ARM.__at_0x400                          0x00000400   Section       16  startup_mkl05z4.o(.ARM.__at_0x400)
    .text                                    0x00000410   Section      504  aeabi_sdivfast.o(.text)
    [Anonymous Symbol]                       0x00000608   Section        0  main.o(.text.PORTA_IRQHandler)
    __arm_cp.1_0                             0x00000878   Number         4  main.o(.text.PORTA_IRQHandler)
    __arm_cp.1_2                             0x0000087c   Number         4  main.o(.text.PORTA_IRQHandler)
    __arm_cp.1_3                             0x00000880   Number         4  main.o(.text.PORTA_IRQHandler)
    __arm_cp.1_4                             0x00000884   Number         4  main.o(.text.PORTA_IRQHandler)
    __arm_cp.1_5                             0x00000888   Number         4  main.o(.text.PORTA_IRQHandler)
    [Anonymous Symbol]                       0x0000088c   Section        0  main.o(.text.buttonsInitialize)
    __arm_cp.2_0                             0x0000092c   Number         4  main.o(.text.buttonsInitialize)
    __arm_cp.2_1                             0x00000930   Number         4  main.o(.text.buttonsInitialize)
    __arm_cp.2_2                             0x00000934   Number         4  main.o(.text.buttonsInitialize)
    [Anonymous Symbol]                       0x00000938   Section        0  main.o(.text.check_snake)
    [Anonymous Symbol]                       0x00000970   Section        0  main.o(.text.clear_snake)
    [Anonymous Symbol]                       0x0000098c   Section        0  main.o(.text.del_ms)
    [Anonymous Symbol]                       0x000009bc   Section        0  main.o(.text.delay_ms)
    __arm_cp.7_0                             0x000009ec   Number         4  main.o(.text.delay_ms)
    [Anonymous Symbol]                       0x000009f0   Section        0  main.o(.text.delay_us)
    [Anonymous Symbol]                       0x00000a1e   Section        0  main.o(.text.display_inverse)
    [Anonymous Symbol]                       0x00000a36   Section        0  main.o(.text.display_normal)
    [Anonymous Symbol]                       0x00000a50   Section        0  main.o(.text.food_pos_set)
    __arm_cp.34_2                            0x00000b00   Number         4  main.o(.text.food_pos_set)
    __arm_cp.34_3                            0x00000b04   Number         4  main.o(.text.food_pos_set)
    [Anonymous Symbol]                       0x00000b08   Section        0  main.o(.text.init_snake)
    __arm_cp.29_0                            0x00000b24   Number         4  main.o(.text.init_snake)
    __arm_cp.29_1                            0x00000b28   Number         4  main.o(.text.init_snake)
    [Anonymous Symbol]                       0x00000b2c   Section        0  main.o(.text.main)
    __arm_cp.38_0                            0x00000c8c   Number         4  main.o(.text.main)
    __arm_cp.38_1                            0x00000c90   Number         4  main.o(.text.main)
    __arm_cp.38_2                            0x00000c94   Number         4  main.o(.text.main)
    __arm_cp.38_3                            0x00000c98   Number         4  main.o(.text.main)
    __arm_cp.38_4                            0x00000c9c   Number         4  main.o(.text.main)
    __arm_cp.38_5                            0x00000ca0   Number         4  main.o(.text.main)
    __arm_cp.38_6                            0x00000ca4   Number         4  main.o(.text.main)
    __arm_cp.38_7                            0x00000ca8   Number         4  main.o(.text.main)
    __arm_cp.38_8                            0x00000cac   Number         4  main.o(.text.main)
    [Anonymous Symbol]                       0x00000cb0   Section        0  main.o(.text.pass_data)
    [Anonymous Symbol]                       0x00000d08   Section        0  main.o(.text.set_char)
    __arm_cp.17_0                            0x00001278   Number         4  main.o(.text.set_char)
    [Anonymous Symbol]                       0x0000127c   Section        0  main.o(.text.set_clear)
    __arm_cp.22_0                            0x0000128c   Number         4  main.o(.text.set_clear)
    [Anonymous Symbol]                       0x00001290   Section        0  main.o(.text.set_clear_without_frame)
    [Anonymous Symbol]                       0x0000129c   Section        0  main.o(.text.set_first_digit)
    [Anonymous Symbol]                       0x000012b0   Section        0  main.o(.text.set_frame)
    __arm_cp.27_0                            0x000012e8   Number         4  main.o(.text.set_frame)
    [Anonymous Symbol]                       0x000012ec   Section        0  main.o(.text.set_game_over_screen)
    __arm_cp.24_0                            0x000012fc   Number         4  main.o(.text.set_game_over_screen)
    __arm_cp.24_1                            0x00001300   Number         4  main.o(.text.set_game_over_screen)
    [Anonymous Symbol]                       0x00001304   Section        0  main.o(.text.set_init_screen)
    __arm_cp.26_3                            0x00001410   Number         4  main.o(.text.set_init_screen)
    __arm_cp.26_5                            0x00001420   Number         4  main.o(.text.set_init_screen)
    [Anonymous Symbol]                       0x00001424   Section        0  main.o(.text.set_pix)
    __arm_cp.33_0                            0x00001440   Number         4  main.o(.text.set_pix)
    [Anonymous Symbol]                       0x00001444   Section        0  main.o(.text.set_portb_bit)
    __arm_cp.9_0                             0x00001454   Number         4  main.o(.text.set_portb_bit)
    [Anonymous Symbol]                       0x00001458   Section        0  main.o(.text.set_score)
    __arm_cp.37_0                            0x00001470   Number         4  main.o(.text.set_score)
    [Anonymous Symbol]                       0x00001474   Section        0  main.o(.text.set_second_digit)
    [Anonymous Symbol]                       0x00001490   Section        0  main.o(.text.set_snake)
    __arm_cp.30_2                            0x000014dc   Number         4  main.o(.text.set_snake)
    [Anonymous Symbol]                       0x000014e0   Section        0  main.o(.text.set_string)
    [Anonymous Symbol]                       0x0000150e   Section        0  main.o(.text.set_third_digit)
    [Anonymous Symbol]                       0x0000152c   Section        0  main.o(.text.set_welcome_screen)
    __arm_cp.25_0                            0x0000153c   Number         4  main.o(.text.set_welcome_screen)
    __arm_cp.25_1                            0x00001540   Number         4  main.o(.text.set_welcome_screen)
    [Anonymous Symbol]                       0x00001544   Section        0  main.o(.text.setup)
    __arm_cp.8_0                             0x00001580   Number         4  main.o(.text.setup)
    __arm_cp.8_1                             0x00001584   Number         4  main.o(.text.setup)
    __arm_cp.8_2                             0x00001588   Number         4  main.o(.text.setup)
    [Anonymous Symbol]                       0x0000158c   Section        0  main.o(.text.snake_pos)
    __arm_cp.32_0                            0x0000161c   Number         4  main.o(.text.snake_pos)
    __arm_cp.32_1                            0x00001620   Number         4  main.o(.text.snake_pos)
    __arm_cp.32_2                            0x00001624   Number         4  main.o(.text.snake_pos)
    .text_divfast                            0x00001628   Section      502  aeabi_sdivfast.o(.text_divfast)
    .bss                                     0x1ffffc08   Section       96  libspace.o(.bss)
    Heap_Mem                                 0x20000560   Data           0  startup_mkl05z4.o(HEAP)
    Stack_Mem                                0x20000560   Data         256  startup_mkl05z4.o(STACK)
    HEAP                                     0x20000560   Section        0  startup_mkl05z4.o(HEAP)
    STACK                                    0x20000560   Section      256  startup_mkl05z4.o(STACK)
    __initial_sp                             0x20000660   Data           0  startup_mkl05z4.o(STACK)

    Global Symbols

    Symbol Name                              Value     Ov Type        Size  Object(Section)

    BuildAttributes$$THM_ISAv3M$S$PE$A:L22$X:L11$S22$IEEE1$IW$~IW$USESV6$~STKCKD$USESV7$~SHL$OTIME$ROPI$EBA8$UX$STANDARDLIB$REQ8$PRES8$EABIv2 0x00000000   Number         0  anon$$obj.o ABSOLUTE
    __Vectors                                0x00000000   Data           4  startup_mkl05z4.o(RESET)
    __ARM_exceptions_init                     - Undefined Weak Reference
    __alloca_initialize                       - Undefined Weak Reference
    __arm_preinit_                            - Undefined Weak Reference
    __cpp_initialize__aeabi_                  - Undefined Weak Reference
    __cxa_finalize                            - Undefined Weak Reference
    __rt_locale                               - Undefined Weak Reference
    __sigvec_lookup                           - Undefined Weak Reference
    _atexit_init                              - Undefined Weak Reference
    _call_atexit_fns                          - Undefined Weak Reference
    _clock_init                               - Undefined Weak Reference
    _fp_trap_init                             - Undefined Weak Reference
    _fp_trap_shutdown                         - Undefined Weak Reference
    _get_lc_collate                           - Undefined Weak Reference
    _get_lc_ctype                             - Undefined Weak Reference
    _get_lc_monetary                          - Undefined Weak Reference
    _get_lc_numeric                           - Undefined Weak Reference
    _get_lc_time                              - Undefined Weak Reference
    _getenv_init                              - Undefined Weak Reference
    _handle_redirection                       - Undefined Weak Reference
    _init_alloc                               - Undefined Weak Reference
    _init_user_alloc                          - Undefined Weak Reference
    _initio                                   - Undefined Weak Reference
    _rand_init                                - Undefined Weak Reference
    _signal_finish                            - Undefined Weak Reference
    _signal_init                              - Undefined Weak Reference
    _terminate_alloc                          - Undefined Weak Reference
    _terminate_user_alloc                     - Undefined Weak Reference
    _terminateio                              - Undefined Weak Reference
    __Vectors_End                            0x000000c0   Data           0  startup_mkl05z4.o(RESET)
    __Vectors_Size                           0x000000c0   Number         0  startup_mkl05z4.o ABSOLUTE
    __main                                   0x000000c1   Thumb Code     8  __main.o(!!!main)
    __scatterload                            0x000000c9   Thumb Code     0  __scatter.o(!!!scatter)
    __scatterload_rt2                        0x000000c9   Thumb Code    52  __scatter.o(!!!scatter)
    __scatterload_rt2_thumb_only             0x000000c9   Thumb Code     0  __scatter.o(!!!scatter)
    __scatterload_null                       0x000000d9   Thumb Code     0  __scatter.o(!!!scatter)
    __scatterload_copy                       0x00000105   Thumb Code    26  __scatter_copy.o(!!handler_copy)
    __scatterload_zeroinit                   0x00000121   Thumb Code    28  __scatter_zi.o(!!handler_zi)
    __rt_lib_init                            0x0000013d   Thumb Code     0  libinit.o(.ARM.Collect$$libinit$$00000000)
    __rt_lib_init_alloca_1                   0x0000013f   Thumb Code     0  libinit2.o(.ARM.Collect$$libinit$$0000002E)
    __rt_lib_init_argv_1                     0x0000013f   Thumb Code     0  libinit2.o(.ARM.Collect$$libinit$$0000002C)
    __rt_lib_init_atexit_1                   0x0000013f   Thumb Code     0  libinit2.o(.ARM.Collect$$libinit$$0000001B)
    __rt_lib_init_clock_1                    0x0000013f   Thumb Code     0  libinit2.o(.ARM.Collect$$libinit$$00000021)
    __rt_lib_init_cpp_1                      0x0000013f   Thumb Code     0  libinit2.o(.ARM.Collect$$libinit$$00000032)
    __rt_lib_init_exceptions_1               0x0000013f   Thumb Code     0  libinit2.o(.ARM.Collect$$libinit$$00000030)
    __rt_lib_init_fp_1                       0x0000013f   Thumb Code     0  libinit2.o(.ARM.Collect$$libinit$$00000002)
    __rt_lib_init_fp_trap_1                  0x0000013f   Thumb Code     0  libinit2.o(.ARM.Collect$$libinit$$0000001F)
    __rt_lib_init_getenv_1                   0x0000013f   Thumb Code     0  libinit2.o(.ARM.Collect$$libinit$$00000023)
    __rt_lib_init_heap_1                     0x0000013f   Thumb Code     0  libinit2.o(.ARM.Collect$$libinit$$0000000A)
    __rt_lib_init_lc_collate_1               0x0000013f   Thumb Code     0  libinit2.o(.ARM.Collect$$libinit$$00000011)
    __rt_lib_init_lc_ctype_1                 0x0000013f   Thumb Code     0  libinit2.o(.ARM.Collect$$libinit$$00000013)
    __rt_lib_init_lc_monetary_1              0x0000013f   Thumb Code     0  libinit2.o(.ARM.Collect$$libinit$$00000015)
    __rt_lib_init_lc_numeric_1               0x0000013f   Thumb Code     0  libinit2.o(.ARM.Collect$$libinit$$00000017)
    __rt_lib_init_lc_time_1                  0x0000013f   Thumb Code     0  libinit2.o(.ARM.Collect$$libinit$$00000019)
    __rt_lib_init_preinit_1                  0x0000013f   Thumb Code     0  libinit2.o(.ARM.Collect$$libinit$$00000004)
    __rt_lib_init_rand_1                     0x0000013f   Thumb Code     0  libinit2.o(.ARM.Collect$$libinit$$0000000E)
    __rt_lib_init_return                     0x0000013f   Thumb Code     0  libinit2.o(.ARM.Collect$$libinit$$00000033)
    __rt_lib_init_signal_1                   0x0000013f   Thumb Code     0  libinit2.o(.ARM.Collect$$libinit$$0000001D)
    __rt_lib_init_stdio_1                    0x0000013f   Thumb Code     0  libinit2.o(.ARM.Collect$$libinit$$00000025)
    __rt_lib_init_user_alloc_1               0x0000013f   Thumb Code     0  libinit2.o(.ARM.Collect$$libinit$$0000000C)
    __rt_lib_shutdown                        0x00000141   Thumb Code     0  libshutdown.o(.ARM.Collect$$libshutdown$$00000000)
    __rt_lib_shutdown_cpp_1                  0x00000143   Thumb Code     0  libshutdown2.o(.ARM.Collect$$libshutdown$$00000002)
    __rt_lib_shutdown_fp_trap_1              0x00000143   Thumb Code     0  libshutdown2.o(.ARM.Collect$$libshutdown$$00000007)
    __rt_lib_shutdown_heap_1                 0x00000143   Thumb Code     0  libshutdown2.o(.ARM.Collect$$libshutdown$$0000000F)
    __rt_lib_shutdown_return                 0x00000143   Thumb Code     0  libshutdown2.o(.ARM.Collect$$libshutdown$$00000010)
    __rt_lib_shutdown_signal_1               0x00000143   Thumb Code     0  libshutdown2.o(.ARM.Collect$$libshutdown$$0000000A)
    __rt_lib_shutdown_stdio_1                0x00000143   Thumb Code     0  libshutdown2.o(.ARM.Collect$$libshutdown$$00000004)
    __rt_lib_shutdown_user_alloc_1           0x00000143   Thumb Code     0  libshutdown2.o(.ARM.Collect$$libshutdown$$0000000C)
    __rt_entry                               0x00000145   Thumb Code     0  __rtentry.o(.ARM.Collect$$rtentry$$00000000)
    __rt_entry_presh_1                       0x00000145   Thumb Code     0  __rtentry2.o(.ARM.Collect$$rtentry$$00000002)
    __rt_entry_sh                            0x00000145   Thumb Code     0  __rtentry4.o(.ARM.Collect$$rtentry$$00000004)
    __rt_entry_li                            0x0000014b   Thumb Code     0  __rtentry2.o(.ARM.Collect$$rtentry$$0000000A)
    __rt_entry_postsh_1                      0x0000014b   Thumb Code     0  __rtentry2.o(.ARM.Collect$$rtentry$$00000009)
    __rt_entry_main                          0x0000014f   Thumb Code     0  __rtentry2.o(.ARM.Collect$$rtentry$$0000000D)
    __rt_entry_postli_1                      0x0000014f   Thumb Code     0  __rtentry2.o(.ARM.Collect$$rtentry$$0000000C)
    __rt_exit                                0x00000157   Thumb Code     0  rtexit.o(.ARM.Collect$$rtexit$$00000000)
    __rt_exit_ls                             0x00000159   Thumb Code     0  rtexit2.o(.ARM.Collect$$rtexit$$00000003)
    __rt_exit_prels_1                        0x00000159   Thumb Code     0  rtexit2.o(.ARM.Collect$$rtexit$$00000002)
    __rt_exit_exit                           0x0000015d   Thumb Code     0  rtexit2.o(.ARM.Collect$$rtexit$$00000004)
    __aeabi_memcpy4                          0x00000165   Thumb Code    56  rt_memcpy.o(.emb_text)
    __aeabi_memcpy8                          0x00000165   Thumb Code     0  rt_memcpy.o(.emb_text)
    Reset_Handler                            0x0000019d   Thumb Code     8  startup_mkl05z4.o(.text)
    NMI_Handler                              0x000001a5   Thumb Code     2  startup_mkl05z4.o(.text)
    HardFault_Handler                        0x000001a7   Thumb Code     2  startup_mkl05z4.o(.text)
    SVC_Handler                              0x000001a9   Thumb Code     2  startup_mkl05z4.o(.text)
    PendSV_Handler                           0x000001ab   Thumb Code     2  startup_mkl05z4.o(.text)
    SysTick_Handler                          0x000001ad   Thumb Code     2  startup_mkl05z4.o(.text)
    ADC0_IRQHandler                          0x000001af   Thumb Code     0  startup_mkl05z4.o(.text)
    CMP0_IRQHandler                          0x000001af   Thumb Code     0  startup_mkl05z4.o(.text)
    DAC0_IRQHandler                          0x000001af   Thumb Code     0  startup_mkl05z4.o(.text)
    DMA0_IRQHandler                          0x000001af   Thumb Code     0  startup_mkl05z4.o(.text)
    DMA1_IRQHandler                          0x000001af   Thumb Code     0  startup_mkl05z4.o(.text)
    DMA2_IRQHandler                          0x000001af   Thumb Code     0  startup_mkl05z4.o(.text)
    DMA3_IRQHandler                          0x000001af   Thumb Code     0  startup_mkl05z4.o(.text)
    DefaultISR                               0x000001af   Thumb Code     0  startup_mkl05z4.o(.text)
    FTFA_IRQHandler                          0x000001af   Thumb Code     0  startup_mkl05z4.o(.text)
    I2C0_IRQHandler                          0x000001af   Thumb Code     0  startup_mkl05z4.o(.text)
    LLW_IRQHandler                           0x000001af   Thumb Code     0  startup_mkl05z4.o(.text)
    LPTimer_IRQHandler                       0x000001af   Thumb Code     0  startup_mkl05z4.o(.text)
    LVD_LVW_IRQHandler                       0x000001af   Thumb Code     0  startup_mkl05z4.o(.text)
    MCG_IRQHandler                           0x000001af   Thumb Code     0  startup_mkl05z4.o(.text)
    PIT_IRQHandler                           0x000001af   Thumb Code     0  startup_mkl05z4.o(.text)
    PORTB_IRQHandler                         0x000001af   Thumb Code     0  startup_mkl05z4.o(.text)
    RTC_IRQHandler                           0x000001af   Thumb Code     0  startup_mkl05z4.o(.text)
    RTC_Seconds_IRQHandler                   0x000001af   Thumb Code     0  startup_mkl05z4.o(.text)
    Reserved20_IRQHandler                    0x000001af   Thumb Code     0  startup_mkl05z4.o(.text)
    Reserved25_IRQHandler                    0x000001af   Thumb Code     0  startup_mkl05z4.o(.text)
    Reserved27_IRQHandler                    0x000001af   Thumb Code     0  startup_mkl05z4.o(.text)
    Reserved29_IRQHandler                    0x000001af   Thumb Code     0  startup_mkl05z4.o(.text)
    Reserved30_IRQHandler                    0x000001af   Thumb Code     0  startup_mkl05z4.o(.text)
    Reserved35_IRQHandler                    0x000001af   Thumb Code     0  startup_mkl05z4.o(.text)
    Reserved39_IRQHandler                    0x000001af   Thumb Code     0  startup_mkl05z4.o(.text)
    Reserved40_IRQHandler                    0x000001af   Thumb Code     0  startup_mkl05z4.o(.text)
    Reserved45_IRQHandler                    0x000001af   Thumb Code     0  startup_mkl05z4.o(.text)
    SPI0_IRQHandler                          0x000001af   Thumb Code     0  startup_mkl05z4.o(.text)
    TPM0_IRQHandler                          0x000001af   Thumb Code     0  startup_mkl05z4.o(.text)
    TPM1_IRQHandler                          0x000001af   Thumb Code     0  startup_mkl05z4.o(.text)
    TSI0_IRQHandler                          0x000001af   Thumb Code     0  startup_mkl05z4.o(.text)
    UART0_IRQHandler                         0x000001af   Thumb Code     0  startup_mkl05z4.o(.text)
    __user_initial_stackheap                 0x000001b1   Thumb Code     0  startup_mkl05z4.o(.text)
    __aeabi_memset4                          0x000001d1   Thumb Code    18  aeabi_memset4.o(.text)
    __aeabi_memset8                          0x000001d1   Thumb Code     0  aeabi_memset4.o(.text)
    _memset_w                                0x000001e3   Thumb Code    26  rt_memclr.o(.text)
    _memset                                  0x000001fd   Thumb Code    30  rt_memclr.o(.text)
    __aeabi_memclr                           0x0000021b   Thumb Code     4  rt_memclr.o(.text)
    __rt_memclr                              0x0000021b   Thumb Code     0  rt_memclr.o(.text)
    __aeabi_memclr4                          0x0000021f   Thumb Code     0  rt_memclr.o(.text)
    __aeabi_memclr8                          0x0000021f   Thumb Code     0  rt_memclr.o(.text)
    __rt_memclr_w                            0x0000021f   Thumb Code     4  rt_memclr.o(.text)
    __use_two_region_memory                  0x00000223   Thumb Code     2  heapauxi.o(.text)
    __rt_heap_escrow$2region                 0x00000225   Thumb Code     2  heapauxi.o(.text)
    __rt_heap_expand$2region                 0x00000227   Thumb Code     2  heapauxi.o(.text)
    __user_setup_stackheap                   0x00000229   Thumb Code    62  sys_stackheap_outer.o(.text)
    exit                                     0x00000267   Thumb Code    16  exit.o(.text)
    __user_libspace                          0x00000279   Thumb Code     8  libspace.o(.text)
    __user_perproc_libspace                  0x00000279   Thumb Code     0  libspace.o(.text)
    __user_perthread_libspace                0x00000279   Thumb Code     0  libspace.o(.text)
    _sys_exit                                0x00000281   Thumb Code     8  sys_exit.o(.text)
    __I$use$semihosting                      0x0000028d   Thumb Code     0  use_no_semi.o(.text)
    __use_no_semihosting_swi                 0x0000028d   Thumb Code     2  use_no_semi.o(.text)
    NOKIA_INIT                               0x0000028f   Thumb Code    82  main.o(.text.NOKIA_INIT)
    __semihosting_library_function           0x0000028f   Thumb Code     0  indicate_semi.o(.text)
    SystemInit                               0x000002e1   Thumb Code    76  system_mkl05z4.o(.text.SystemInit)
    check_bit                                0x00000365   Thumb Code     8  main.o(.text.check_bit)
    check_food                               0x0000036d   Thumb Code    96  main.o(.text.check_food)
    clear_portb_bit                          0x000003cd   Thumb Code    20  main.o(.text.clear_portb_bit)
    display                                  0x000003e1   Thumb Code    28  main.o(.text.display)
    __aeabi_uidivmod                         0x00000411   Thumb Code    28  aeabi_sdivfast.o(.text)
    __aeabi_idivmod                          0x0000042d   Thumb Code   472  aeabi_sdivfast.o(.text)
    PORTA_IRQHandler                         0x00000609   Thumb Code   644  main.o(.text.PORTA_IRQHandler)
    buttonsInitialize                        0x0000088d   Thumb Code   172  main.o(.text.buttonsInitialize)
    check_snake                              0x00000939   Thumb Code    56  main.o(.text.check_snake)
    clear_snake                              0x00000971   Thumb Code    28  main.o(.text.clear_snake)
    del_ms                                   0x0000098d   Thumb Code    48  main.o(.text.del_ms)
    delay_ms                                 0x000009bd   Thumb Code    52  main.o(.text.delay_ms)
    delay_us                                 0x000009f1   Thumb Code    46  main.o(.text.delay_us)
    display_inverse                          0x00000a1f   Thumb Code    24  main.o(.text.display_inverse)
    display_normal                           0x00000a37   Thumb Code    24  main.o(.text.display_normal)
    food_pos_set                             0x00000a51   Thumb Code   184  main.o(.text.food_pos_set)
    init_snake                               0x00000b09   Thumb Code    36  main.o(.text.init_snake)
    main                                     0x00000b2d   Thumb Code   388  main.o(.text.main)
    pass_data                                0x00000cb1   Thumb Code    86  main.o(.text.pass_data)
    set_char                                 0x00000d09   Thumb Code  1396  main.o(.text.set_char)
    set_clear                                0x0000127d   Thumb Code    20  main.o(.text.set_clear)
    set_clear_without_frame                  0x00001291   Thumb Code    12  main.o(.text.set_clear_without_frame)
    set_first_digit                          0x0000129d   Thumb Code    20  main.o(.text.set_first_digit)
    set_frame                                0x000012b1   Thumb Code    60  main.o(.text.set_frame)
    set_game_over_screen                     0x000012ed   Thumb Code    24  main.o(.text.set_game_over_screen)
    set_init_screen                          0x00001305   Thumb Code   288  main.o(.text.set_init_screen)
    set_pix                                  0x00001425   Thumb Code    32  main.o(.text.set_pix)
    set_portb_bit                            0x00001445   Thumb Code    20  main.o(.text.set_portb_bit)
    set_score                                0x00001459   Thumb Code    28  main.o(.text.set_score)
    set_second_digit                         0x00001475   Thumb Code    28  main.o(.text.set_second_digit)
    set_snake                                0x00001491   Thumb Code    80  main.o(.text.set_snake)
    set_string                               0x000014e1   Thumb Code    46  main.o(.text.set_string)
    set_third_digit                          0x0000150f   Thumb Code    30  main.o(.text.set_third_digit)
    set_welcome_screen                       0x0000152d   Thumb Code    24  main.o(.text.set_welcome_screen)
    setup                                    0x00001545   Thumb Code    72  main.o(.text.setup)
    snake_pos                                0x0000158d   Thumb Code   156  main.o(.text.snake_pos)
    __aeabi_uidiv                            0x00001629   Thumb Code    68  aeabi_sdivfast.o(.text_divfast)
    __aeabi_idiv                             0x0000166d   Thumb Code   434  aeabi_sdivfast.o(.text_divfast)
    game_over_screen                         0x00001820   Data         504  main.o(.rodata.game_over_screen)
    home_screen                              0x00001a18   Data         504  main.o(.rodata.home_screen)
    Region$$Table$$Base                      0x00001c10   Number         0  anon$$obj.o(Region$$Table)
    Region$$Table$$Limit                     0x00001c30   Number         0  anon$$obj.o(Region$$Table)
    direction                                0x1ffffc00   Data           1  main.o(.data.direction)
    food_eaten                               0x1ffffc01   Data           1  main.o(.data.food_eaten)
    __libspace_start                         0x1ffffc08   Data          96  libspace.o(.bss)
    RAM                                      0x1ffffc68   Data         504  main.o(.bss.RAM)
    __temporary_stack_top$libspace           0x1ffffc68   Data           0  libspace.o(.bss)
    button_pushed                            0x1ffffe60   Data           1  main.o(.bss.button_pushed)
    button_pushed_nb                         0x1ffffe61   Data           1  main.o(.bss.button_pushed_nb)
    game_over                                0x1ffffe64   Data           4  main.o(.bss.game_over)
    high_score                               0x1ffffe68   Data           4  main.o(.bss.high_score)
    score                                    0x1ffffe6c   Data           4  main.o(.bss.score)
    snake                                    0x1ffffe70   Data        1760  main.o(.bss.snake)
    snake_length                             0x20000550   Data           4  main.o(.bss.snake_length)
    timer                                    0x20000554   Data           4  main.o(.bss.timer)
    x_food                                   0x20000558   Data           1  main.o(.bss.x_food)
    y_food                                   0x20000559   Data           1  main.o(.bss.y_food)



==============================================================================

Memory Map of the image

  Image Entry point : 0x0000019d

  Load Region LR_1 (Base: 0x00000000, Size: 0x00001c34, Max: 0xffffffff, ABSOLUTE)

    Execution Region ER_RO (Exec base: 0x00000000, Load base: 0x00000000, Size: 0x00001c30, Max: 0xffffffff, ABSOLUTE)

    Exec Addr    Load Addr    Size         Type   Attr      Idx    E Section Name        Object

    0x00000000   0x00000000   0x000000c0   Data   RO          105    RESET               startup_mkl05z4.o
    0x000000c0   0x000000c0   0x00000008   Code   RO          148  * !!!main             c_p.l(__main.o)
    0x000000c8   0x000000c8   0x0000003c   Code   RO          323    !!!scatter          c_p.l(__scatter.o)
    0x00000104   0x00000104   0x0000001a   Code   RO          325    !!handler_copy      c_p.l(__scatter_copy.o)
    0x0000011e   0x0000011e   0x00000002   PAD
    0x00000120   0x00000120   0x0000001c   Code   RO          327    !!handler_zi        c_p.l(__scatter_zi.o)
    0x0000013c   0x0000013c   0x00000002   Code   RO          186    .ARM.Collect$$libinit$$00000000  c_p.l(libinit.o)
    0x0000013e   0x0000013e   0x00000000   Code   RO          200    .ARM.Collect$$libinit$$00000002  c_p.l(libinit2.o)
    0x0000013e   0x0000013e   0x00000000   Code   RO          202    .ARM.Collect$$libinit$$00000004  c_p.l(libinit2.o)
    0x0000013e   0x0000013e   0x00000000   Code   RO          205    .ARM.Collect$$libinit$$0000000A  c_p.l(libinit2.o)
    0x0000013e   0x0000013e   0x00000000   Code   RO          207    .ARM.Collect$$libinit$$0000000C  c_p.l(libinit2.o)
    0x0000013e   0x0000013e   0x00000000   Code   RO          209    .ARM.Collect$$libinit$$0000000E  c_p.l(libinit2.o)
    0x0000013e   0x0000013e   0x00000000   Code   RO          212    .ARM.Collect$$libinit$$00000011  c_p.l(libinit2.o)
    0x0000013e   0x0000013e   0x00000000   Code   RO          214    .ARM.Collect$$libinit$$00000013  c_p.l(libinit2.o)
    0x0000013e   0x0000013e   0x00000000   Code   RO          216    .ARM.Collect$$libinit$$00000015  c_p.l(libinit2.o)
    0x0000013e   0x0000013e   0x00000000   Code   RO          218    .ARM.Collect$$libinit$$00000017  c_p.l(libinit2.o)
    0x0000013e   0x0000013e   0x00000000   Code   RO          220    .ARM.Collect$$libinit$$00000019  c_p.l(libinit2.o)
    0x0000013e   0x0000013e   0x00000000   Code   RO          222    .ARM.Collect$$libinit$$0000001B  c_p.l(libinit2.o)
    0x0000013e   0x0000013e   0x00000000   Code   RO          224    .ARM.Collect$$libinit$$0000001D  c_p.l(libinit2.o)
    0x0000013e   0x0000013e   0x00000000   Code   RO          226    .ARM.Collect$$libinit$$0000001F  c_p.l(libinit2.o)
    0x0000013e   0x0000013e   0x00000000   Code   RO          228    .ARM.Collect$$libinit$$00000021  c_p.l(libinit2.o)
    0x0000013e   0x0000013e   0x00000000   Code   RO          230    .ARM.Collect$$libinit$$00000023  c_p.l(libinit2.o)
    0x0000013e   0x0000013e   0x00000000   Code   RO          232    .ARM.Collect$$libinit$$00000025  c_p.l(libinit2.o)
    0x0000013e   0x0000013e   0x00000000   Code   RO          236    .ARM.Collect$$libinit$$0000002C  c_p.l(libinit2.o)
    0x0000013e   0x0000013e   0x00000000   Code   RO          238    .ARM.Collect$$libinit$$0000002E  c_p.l(libinit2.o)
    0x0000013e   0x0000013e   0x00000000   Code   RO          240    .ARM.Collect$$libinit$$00000030  c_p.l(libinit2.o)
    0x0000013e   0x0000013e   0x00000000   Code   RO          242    .ARM.Collect$$libinit$$00000032  c_p.l(libinit2.o)
    0x0000013e   0x0000013e   0x00000002   Code   RO          243    .ARM.Collect$$libinit$$00000033  c_p.l(libinit2.o)
    0x00000140   0x00000140   0x00000002   Code   RO          278    .ARM.Collect$$libshutdown$$00000000  c_p.l(libshutdown.o)
    0x00000142   0x00000142   0x00000000   Code   RO          306    .ARM.Collect$$libshutdown$$00000002  c_p.l(libshutdown2.o)
    0x00000142   0x00000142   0x00000000   Code   RO          308    .ARM.Collect$$libshutdown$$00000004  c_p.l(libshutdown2.o)
    0x00000142   0x00000142   0x00000000   Code   RO          311    .ARM.Collect$$libshutdown$$00000007  c_p.l(libshutdown2.o)
    0x00000142   0x00000142   0x00000000   Code   RO          314    .ARM.Collect$$libshutdown$$0000000A  c_p.l(libshutdown2.o)
    0x00000142   0x00000142   0x00000000   Code   RO          316    .ARM.Collect$$libshutdown$$0000000C  c_p.l(libshutdown2.o)
    0x00000142   0x00000142   0x00000000   Code   RO          319    .ARM.Collect$$libshutdown$$0000000F  c_p.l(libshutdown2.o)
    0x00000142   0x00000142   0x00000002   Code   RO          320    .ARM.Collect$$libshutdown$$00000010  c_p.l(libshutdown2.o)
    0x00000144   0x00000144   0x00000000   Code   RO          150    .ARM.Collect$$rtentry$$00000000  c_p.l(__rtentry.o)
    0x00000144   0x00000144   0x00000000   Code   RO          156    .ARM.Collect$$rtentry$$00000002  c_p.l(__rtentry2.o)
    0x00000144   0x00000144   0x00000006   Code   RO          168    .ARM.Collect$$rtentry$$00000004  c_p.l(__rtentry4.o)
    0x0000014a   0x0000014a   0x00000000   Code   RO          158    .ARM.Collect$$rtentry$$00000009  c_p.l(__rtentry2.o)
    0x0000014a   0x0000014a   0x00000004   Code   RO          159    .ARM.Collect$$rtentry$$0000000A  c_p.l(__rtentry2.o)
    0x0000014e   0x0000014e   0x00000000   Code   RO          161    .ARM.Collect$$rtentry$$0000000C  c_p.l(__rtentry2.o)
    0x0000014e   0x0000014e   0x00000008   Code   RO          162    .ARM.Collect$$rtentry$$0000000D  c_p.l(__rtentry2.o)
    0x00000156   0x00000156   0x00000002   Code   RO          191    .ARM.Collect$$rtexit$$00000000  c_p.l(rtexit.o)
    0x00000158   0x00000158   0x00000000   Code   RO          249    .ARM.Collect$$rtexit$$00000002  c_p.l(rtexit2.o)
    0x00000158   0x00000158   0x00000004   Code   RO          250    .ARM.Collect$$rtexit$$00000003  c_p.l(rtexit2.o)
    0x0000015c   0x0000015c   0x00000006   Code   RO          251    .ARM.Collect$$rtexit$$00000004  c_p.l(rtexit2.o)
    0x00000162   0x00000162   0x00000002   PAD
    0x00000164   0x00000164   0x00000038   Code   RO          130    .emb_text           c_p.l(rt_memcpy.o)
    0x0000019c   0x0000019c   0x00000034   Code   RO          107  * .text               startup_mkl05z4.o
    0x000001d0   0x000001d0   0x00000012   Code   RO          134    .text               c_p.l(aeabi_memset4.o)
    0x000001e2   0x000001e2   0x00000040   Code   RO          136    .text               c_p.l(rt_memclr.o)
    0x00000222   0x00000222   0x00000006   Code   RO          146    .text               c_p.l(heapauxi.o)
    0x00000228   0x00000228   0x0000003e   Code   RO          172    .text               c_p.l(sys_stackheap_outer.o)
    0x00000266   0x00000266   0x00000010   Code   RO          175    .text               c_p.l(exit.o)
    0x00000276   0x00000276   0x00000002   PAD
    0x00000278   0x00000278   0x00000008   Code   RO          187    .text               c_p.l(libspace.o)
    0x00000280   0x00000280   0x0000000c   Code   RO          244    .text               c_p.l(sys_exit.o)
    0x0000028c   0x0000028c   0x00000002   Code   RO          267    .text               c_p.l(use_no_semi.o)
    0x0000028e   0x0000028e   0x00000000   Code   RO          269    .text               c_p.l(indicate_semi.o)
    0x0000028e   0x0000028e   0x00000052   Code   RO           34    .text.NOKIA_INIT    main.o
    0x000002e0   0x000002e0   0x0000004c   Code   RO          116    .text.SystemInit    system_mkl05z4.o
    0x0000032c   0x0000032c   0x00000010   Code   RO            8    .text.__NVIC_ClearPendingIRQ  main.o
    0x0000033c   0x0000033c   0x00000010   Code   RO           10    .text.__NVIC_EnableIRQ  main.o
    0x0000034c   0x0000034c   0x00000018   Code   RO           12    .text.__NVIC_SetPriority  main.o
    0x00000364   0x00000364   0x00000008   Code   RO           24    .text.check_bit     main.o
    0x0000036c   0x0000036c   0x00000060   Code   RO           72    .text.check_food    main.o
    0x000003cc   0x000003cc   0x00000014   Code   RO           22    .text.clear_portb_bit  main.o
    0x000003e0   0x000003e0   0x0000001c   Code   RO           48    .text.display       main.o
    0x000003fc   0x000003fc   0x00000004   PAD
    0x00000400   0x00000400   0x00000010   Code   RO          106    .ARM.__at_0x400     startup_mkl05z4.o
    0x00000410   0x00000410   0x000001f8   Code   RO          138    .text               c_p.l(aeabi_sdivfast.o)
    0x00000608   0x00000608   0x00000284   Code   RO            4    .text.PORTA_IRQHandler  main.o
    0x0000088c   0x0000088c   0x000000ac   Code   RO            6    .text.buttonsInitialize  main.o
    0x00000938   0x00000938   0x00000038   Code   RO           74    .text.check_snake   main.o
    0x00000970   0x00000970   0x0000001c   Code   RO           64    .text.clear_snake   main.o
    0x0000098c   0x0000098c   0x00000030   Code   RO            2    .text.del_ms        main.o
    0x000009bc   0x000009bc   0x00000034   Code   RO           16    .text.delay_ms      main.o
    0x000009f0   0x000009f0   0x0000002e   Code   RO           14    .text.delay_us      main.o
    0x00000a1e   0x00000a1e   0x00000018   Code   RO           32    .text.display_inverse  main.o
    0x00000a36   0x00000a36   0x00000018   Code   RO           30    .text.display_normal  main.o
    0x00000a4e   0x00000a4e   0x00000002   PAD
    0x00000a50   0x00000a50   0x000000b8   Code   RO           70    .text.food_pos_set  main.o
    0x00000b08   0x00000b08   0x00000024   Code   RO           60    .text.init_snake    main.o
    0x00000b2c   0x00000b2c   0x00000184   Code   RO           78    .text.main          main.o
    0x00000cb0   0x00000cb0   0x00000056   Code   RO           26    .text.pass_data     main.o
    0x00000d06   0x00000d06   0x00000002   PAD
    0x00000d08   0x00000d08   0x00000574   Code   RO           36    .text.set_char      main.o
    0x0000127c   0x0000127c   0x00000014   Code   RO           46    .text.set_clear     main.o
    0x00001290   0x00001290   0x0000000c   Code   RO           58    .text.set_clear_without_frame  main.o
    0x0000129c   0x0000129c   0x00000014   Code   RO           40    .text.set_first_digit  main.o
    0x000012b0   0x000012b0   0x0000003c   Code   RO           56    .text.set_frame     main.o
    0x000012ec   0x000012ec   0x00000018   Code   RO           50    .text.set_game_over_screen  main.o
    0x00001304   0x00001304   0x00000120   Code   RO           54    .text.set_init_screen  main.o
    0x00001424   0x00001424   0x00000020   Code   RO           68    .text.set_pix       main.o
    0x00001444   0x00001444   0x00000014   Code   RO           20    .text.set_portb_bit  main.o
    0x00001458   0x00001458   0x0000001c   Code   RO           76    .text.set_score     main.o
    0x00001474   0x00001474   0x0000001c   Code   RO           42    .text.set_second_digit  main.o
    0x00001490   0x00001490   0x00000050   Code   RO           62    .text.set_snake     main.o
    0x000014e0   0x000014e0   0x0000002e   Code   RO           38    .text.set_string    main.o
    0x0000150e   0x0000150e   0x0000001e   Code   RO           44    .text.set_third_digit  main.o
    0x0000152c   0x0000152c   0x00000018   Code   RO           52    .text.set_welcome_screen  main.o
    0x00001544   0x00001544   0x00000048   Code   RO           18    .text.setup         main.o
    0x0000158c   0x0000158c   0x0000009c   Code   RO           66    .text.snake_pos     main.o
    0x00001628   0x00001628   0x000001f6   Code   RO          139    .text_divfast       c_p.l(aeabi_sdivfast.o)
    0x0000181e   0x0000181e   0x00000002   PAD
    0x00001820   0x00001820   0x000001f8   Data   RO           84    .rodata.game_over_screen  main.o
    0x00001a18   0x00001a18   0x000001f8   Data   RO           85    .rodata.home_screen  main.o
    0x00001c10   0x00001c10   0x00000020   Data   RO          322    Region$$Table       anon$$obj.o


    Execution Region ER_RW (Exec base: 0x1ffffc00, Load base: 0x00001c30, Size: 0x00000004, Max: 0xffffffff, ABSOLUTE)

    Exec Addr    Load Addr    Size         Type   Attr      Idx    E Section Name        Object

    0x1ffffc00   0x00001c30   0x00000001   Data   RW           82    .data.direction     main.o
    0x1ffffc01   0x00001c31   0x00000001   Data   RW           83    .data.food_eaten    main.o


    Execution Region ER_ZI (Exec base: 0x1ffffc08, Load base: 0x00001c34, Size: 0x00000a58, Max: 0xffffffff, ABSOLUTE)

    Exec Addr    Load Addr    Size         Type   Attr      Idx    E Section Name        Object

    0x1ffffc08        -       0x00000060   Zero   RW          188    .bss                c_p.l(libspace.o)
    0x1ffffc68        -       0x000001f8   Zero   RW           86    .bss.RAM            main.o
    0x1ffffe60        -       0x00000001   Zero   RW           80    .bss.button_pushed  main.o
    0x1ffffe61        -       0x00000001   Zero   RW           81    .bss.button_pushed_nb  main.o
    0x1ffffe62   0x00001c34   0x00000002   PAD
    0x1ffffe64        -       0x00000004   Zero   RW           94    .bss.game_over      main.o
    0x1ffffe68        -       0x00000004   Zero   RW           88    .bss.high_score     main.o
    0x1ffffe6c        -       0x00000004   Zero   RW           87    .bss.score          main.o
    0x1ffffe70        -       0x000006e0   Zero   RW           90    .bss.snake          main.o
    0x20000550        -       0x00000004   Zero   RW           89    .bss.snake_length   main.o
    0x20000554        -       0x00000004   Zero   RW           91    .bss.timer          main.o
    0x20000558        -       0x00000001   Zero   RW           92    .bss.x_food         main.o
    0x20000559        -       0x00000001   Zero   RW           93    .bss.y_food         main.o
    0x2000055a   0x00001c34   0x00000006   PAD
    0x20000560        -       0x00000000   Zero   RW          104    HEAP                startup_mkl05z4.o
    0x20000560        -       0x00000100   Zero   RW          103    STACK               startup_mkl05z4.o


==============================================================================

Image component sizes


      Code (inc. data)   RO Data    RW Data    ZI Data      Debug   Object Name

      4414        450       1008          2       2288      12350   main.o
        68         38        192          0        256        816   startup_mkl05z4.o
        76         16          0          0          0       2313   system_mkl05z4.o

    ----------------------------------------------------------------------
      4566        508       1232          4       2552      15479   Object Totals
         0          0         32          0          0          0   (incl. Generated)
         8          4          0          2          8          0   (incl. Padding)

    ----------------------------------------------------------------------

      Code (inc. data)   RO Data    RW Data    ZI Data      Debug   Library Member Name

         8          0          0          0          0         68   __main.o
         0          0          0          0          0          0   __rtentry.o
        12          0          0          0          0          0   __rtentry2.o
         6          0          0          0          0          0   __rtentry4.o
        60          8          0          0          0          0   __scatter.o
        26          0          0          0          0          0   __scatter_copy.o
        28          0          0          0          0          0   __scatter_zi.o
        18          0          0          0          0         68   aeabi_memset4.o
      1006          4          0          0          0        184   aeabi_sdivfast.o
        16          0          0          0          0         68   exit.o
         6          0          0          0          0        136   heapauxi.o
         0          0          0          0          0          0   indicate_semi.o
         2          0          0          0          0          0   libinit.o
         2          0          0          0          0          0   libinit2.o
         2          0          0          0          0          0   libshutdown.o
         2          0          0          0          0          0   libshutdown2.o
         8          4          0          0         96         68   libspace.o
        64          0          0          0          0        108   rt_memclr.o
        56          0          0          0          0         68   rt_memcpy.o
         2          0          0          0          0          0   rtexit.o
        10          0          0          0          0          0   rtexit2.o
        12          4          0          0          0         60   sys_exit.o
        62          0          0          0          0         80   sys_stackheap_outer.o
         2          0          0          0          0         68   use_no_semi.o

    ----------------------------------------------------------------------
      1418         20          0          0         96        976   Library Totals
         8          0          0          0          0          0   (incl. Padding)

    ----------------------------------------------------------------------

      Code (inc. data)   RO Data    RW Data    ZI Data      Debug   Library Name

      1410         20          0          0         96        976   c_p.l

    ----------------------------------------------------------------------
      1418         20          0          0         96        976   Library Totals

    ----------------------------------------------------------------------

==============================================================================


      Code (inc. data)   RO Data    RW Data    ZI Data      Debug   

      5984        528       1232          4       2648      16103   Grand Totals
      5984        528       1232          4       2648      16103   ELF Image Totals
      5984        528       1232          4          0          0   ROM Totals

==============================================================================

    Total RO  Size (Code + RO Data)                 7216 (   7.05kB)
    Total RW  Size (RW Data + ZI Data)              2652 (   2.59kB)
    Total ROM Size (Code + RO Data + RW Data)       7220 (   7.05kB)

==============================================================================

